# Bake Begins!
### (1 of 6) Copy sources
$ cp -a /home/travis/build/fontdirectory/mergeone/METADATA.json /home/travis/build/fontdirectory/mergeone/builds/build
$ cp -a /home/travis/build/fontdirectory/mergeone/DESCRIPTION.en_us.html /home/travis/build/fontdirectory/mergeone/builds/build
$ cp -a /home/travis/build/fontdirectory/mergeone/FONTLOG.txt /home/travis/build/fontdirectory/mergeone/builds/build
$ cp -a MergeOne-Regular.ttf.ttx src/MergeOne-Regular.otf.ttx src/MergeOne-Regular-TTF.sfd MergeOne-Regular.ttf._p_r_e_p.ttx MergeOne-Regular.ttf._p_o_s_t.ttx MergeOne-Regular.ttf._n_a_m_e.ttx MergeOne-Regular.ttf._m_a_x_p.ttx MergeOne-Regular.ttf._l_o_c_a.ttx MergeOne-Regular.ttf._h_m_t_x.ttx MergeOne-Regular.ttf._h_h_e_a.ttx MergeOne-Regular.ttf._h_e_a_d.ttx MergeOne-Regular.ttf._g_l_y_f.ttx MergeOne-Regular.ttf._g_a_s_p.ttx MergeOne-Regular.ttf._c_m_a_p.ttx MergeOne-Regular.ttf.O_S_2f_2.ttx MergeOne-Regular.ttf.GlyphOrder.ttx MergeOne-Regular.ttf.G_S_U_B_.ttx MergeOne-Regular.ttf.G_P_O_S_.ttx MergeOne-Regular.ttf.G_D_E_F_.ttx MergeOne-Regular.ttf.F_F_T_M_.ttx MergeOne-Regular.ttf.D_S_I_G_.ttx src/MergeOne-Regular.otf._p_o_s_t.ttx src/MergeOne-Regular.otf._n_a_m_e.ttx src/MergeOne-Regular.otf._m_a_x_p.ttx src/MergeOne-Regular.otf._k_e_r_n.ttx src/MergeOne-Regular.otf._h_m_t_x.ttx src/MergeOne-Regular.otf._h_h_e_a.ttx src/MergeOne-Regular.otf._h_e_a_d.ttx src/MergeOne-Regular.otf._c_m_a_p.ttx src/MergeOne-Regular.otf.O_S_2f_2.ttx src/MergeOne-Regular.otf.GlyphOrder.ttx src/MergeOne-Regular.otf.G_P_O_S_.ttx src/MergeOne-Regular.otf.C_F_F_.ttx /home/travis/build/fontdirectory/mergeone/builds/build/sources
### (2 of 6) pyfontaine
### (3 of 6) Run upstream tests
$ fontbakery-check.py upstream-repo sources
$ fontaine --collections subsets --text /home/travis/build/fontdirectory/mergeone/builds/build/sources/MergeOne-Regular.otf.ttx /home/travis/build/fontdirectory/mergeone/builds/build/sources/MergeOne-Regular.ttf.ttx /home/travis/build/fontdirectory/mergeone/builds/build/sources/MergeOne-Regular-TTF.sfd > fontaine.txt
WARNING: Please install [PyICU](https://pypi.python.org/pypi/PyICU) toenable [feature], perhaps with: pip install pyicu
bakery_lint.tests.upstream.test_prepolation.FontTestPrepolation.test_font_prepolation_glyph_contours(): OK
pyfontaine error: Not a TrueType or OpenType font (bad sfntVersion)
pyfontaine process has been failed
bakery_lint.tests.upstream.test_prepolation.FontTestPrepolation.test_font_prepolation_glyph_points(): OK
bakery_lint.tests.upstream.test_prepolation.FontTestPrepolation.test_font_test_prepolation_glyph_names(): OK
bakery_lint.tests.upstream.test_diacritic.TestDiacritic.test_diacritic_made_as_component(): OK
bakery_lint.tests.upstream.test_diacritic.TestDiacritic.test_diacritic_made_as_mark_to_mark(): OK
bakery_lint.tests.upstream.test_diacritic.TestDiacritic.test_diacritic_made_as_own_glyphs(): OK
bakery_lint.tests.upstream.test_check_upstream_sources.ProjectUpstreamTestCase.test_bakery_yaml_exists(): OK
bakery_lint.tests.upstream.test_check_upstream_sources.ProjectUpstreamTestCase.test_copyright_notices_same_across_family(): OK
bakery_lint.tests.upstream.test_check_upstream_sources.ProjectUpstreamTestCase.test_description_html_exists(): OK
bakery_lint.tests.upstream.test_check_upstream_sources.ProjectUpstreamTestCase.test_fontlog_txt_exists(): OK
bakery_lint.tests.upstream.test_check_upstream_sources.ProjectUpstreamTestCase.test_metadata_json_exists(): OK
$ fontbakery-check.py upstream-ttx MergeOne-Regular.otf.ttx
bakery_lint.tests.upstream.test_glyphname_does_not_contain_disallowed_chars.TestGlyphNameDoesNotContainsDisallowedChars.test_glyphname_does_not_contain_disallowed_chars(): OK
bakery_lint.tests.upstream.test_font_filename_eq_familystyle.TestTTFSourceFontFileNameEqualsFamilyStyle.test_source_ttf_font_filename_equals_familystyle(): FAIL
$ mv /home/travis/build/fontdirectory/mergeone/builds/build/sources/MergeOne-Regular.otf.ttx /home/travis/build/fontdirectory/mergeone/builds/build/sources/MergeOne-Regular.ttx
bakery_lint.tests.upstream.test_font_filename_eq_familystyle.TestTTFSourceFontFileNameEqualsFamilyStyle.test_source_ttf_font_filename_equals_familystyle(): OK
bakery_lint.tests.upstream.test_check_ttx_requirements.SourceTTXTest.test_epar_in_keys(): FAIL
bakery_lint.tests.upstream.test_check_ttx_requirements.SourceTTXTest.test_os2_in_keys(): OK
bakery_lint.tests.upstream.test_check_ttx_requirements.SourceTTXTest.test_ttx_doesnt_contain_duplicate_glyphs(): OK
bakery_lint.tests.upstream.test_check_ttx_fontfamily_recommendations.TTX_FontFamilyNamingTest.test_ttx_family_naming_recommendation(): OK
$ fontbakery-check.py upstream-ttx MergeOne-Regular.ttf.ttx
bakery_lint.tests.upstream.test_glyphname_does_not_contain_disallowed_chars.TestGlyphNameDoesNotContainsDisallowedChars.test_glyphname_does_not_contain_disallowed_chars(): FAIL
bakery_lint.tests.upstream.test_font_filename_eq_familystyle.TestTTFSourceFontFileNameEqualsFamilyStyle.test_source_ttf_font_filename_equals_familystyle(): FAIL
$ mv /home/travis/build/fontdirectory/mergeone/builds/build/sources/MergeOne-Regular.ttf.ttx /home/travis/build/fontdirectory/mergeone/builds/build/sources/MergeOne-Regular.ttx
bakery_lint.tests.upstream.test_font_filename_eq_familystyle.TestTTFSourceFontFileNameEqualsFamilyStyle.test_source_ttf_font_filename_equals_familystyle(): OK
bakery_lint.tests.upstream.test_check_ttx_requirements.SourceTTXTest.test_epar_in_keys(): FAIL
bakery_lint.tests.upstream.test_check_ttx_requirements.SourceTTXTest.test_os2_in_keys(): OK
bakery_lint.tests.upstream.test_check_ttx_requirements.SourceTTXTest.test_ttx_doesnt_contain_duplicate_glyphs(): OK
bakery_lint.tests.upstream.test_check_ttx_fontfamily_recommendations.TTX_FontFamilyNamingTest.test_ttx_family_naming_recommendation(): OK
$ fontbakery-check.py upstream MergeOne-Regular-TTF.sfd
bakery_lint.tests.upstream.test_unicode_value_should_appear_only_once_per_font.UnicodeValueShouldAppearOnlyOnce.testUnicodeValue(): ERROR
bakery_lint.tests.upstream.test_font_filename_eq_familystyle.TestTTFSourceFontFileNameEqualsFamilyStyle.test_source_ttf_font_filename_equals_familystyle(): ERROR
bakery_lint.tests.upstream.test_contour_count.TestContourCount.test_contour_count(): ERROR
bakery_lint.tests.upstream.test_check_ufo_requirements.UfoOpenTest.test_has_rupee(): ERROR
bakery_lint.tests.upstream.test_check_ufo_requirements.UfoOpenTest.test_is_A(): ERROR
bakery_lint.tests.upstream.test_check_ufo_requirements.UfoOpenTest.test_is_A_a_glyph_instance(): ERROR
bakery_lint.tests.upstream.test_check_ufo_requirements.UfoOpenTest.test_is_ended_ufo(): ERROR
bakery_lint.tests.upstream.test_check_ufo_requirements.UfoOpenTest.test_is_folder(): ERROR
bakery_lint.tests.upstream.test_check_ufo_requirements.UfoOpenTest.test_is_fsType_eq_1(): ERROR
bakery_lint.tests.upstream.test_check_ufo_requirements.UfoOpenTest.test_it_exists(): ERROR
bakery_lint.tests.upstream.test_check_ufo_fontfamily_recommendations.TestUFOFontFamilyNamingTest.test_familyname_less_than_32_chars(): OK
bakery_lint.tests.upstream.test_check_ufo_fontfamily_recommendations.TestUFOFontFamilyNamingTest.test_fullfontname_less_than_64_chars(): OK
bakery_lint.tests.upstream.test_check_ufo_fontfamily_recommendations.TestUFOFontFamilyNamingTest.test_postscriptname_consistof_allowed_chars(): OK
bakery_lint.tests.upstream.test_check_ufo_fontfamily_recommendations.TestUFOFontFamilyNamingTest.test_postscriptname_less_than_30_chars(): OK
bakery_lint.tests.upstream.test_check_ufo_fontfamily_recommendations.TestUFOFontFamilyNamingTest.test_stylename_less_than_32_chars(): OK
bakery_lint.tests.upstream.test_check_ufo_fontfamily_recommendations.TestUFOFontFamilyNamingTest.test_weight_value_range_between_250_and_900(): OK
### (4 of 6) Convert sources to TTF
$ ttx -d /home/travis/build/fontdirectory/mergeone/builds/build /home/travis/build/fontdirectory/mergeone/builds/build/sources/MergeOne-Regular.ttx
strippedname:/home/travis/build/fontdirectory/mergeone/builds/build/sources/MergeOne-Regular-TTF.sfd
Compiling "/home/travis/build/fontdirectory/mergeone/builds/build/sources/MergeOne-Regular.ttx" to "/home/travis/build/fontdirectory/mergeone/builds/build/MergeOne-Regular.ttf"...
Parsing 'GlyphOrder' table...
Parsing 'head' table...
Parsing 'hhea' table...
Parsing 'maxp' table...
Parsing 'OS/2' table...
Parsing 'hmtx' table...
Parsing 'cmap' table...
Parsing 'prep' table...
Parsing 'loca' table...
Parsing 'glyf' table...
Parsing 'name' table...
Parsing 'post' table...
Parsing 'gasp' table...
Parsing 'FFTM' table...
Parsing 'GDEF' table...
Parsing 'GPOS' table...
Parsing 'GSUB' table...
Parsing 'DSIG' table...
### Test MergeOne-Regular.ttf
$ fontbakery-check.py result MergeOne-Regular.ttf
bakery_lint.tests.downstream.test_names_are_ascii_only.CheckNamesAreASCIIOnly.test_check_names_are_ascii_only(): OK
bakery_lint.tests.downstream.test_gpos_table_has_kerning_info.CheckGposTableHasKerningInfo.test_gpos_table_has_kerning_info(): OK
bakery_lint.tests.downstream.test_gasp_table_value.CheckGaspTableType.test_check_gasp_table_type(): OK
$ fontbakery-fix-gasp.py --set=15 /home/travis/build/fontdirectory/mergeone/builds/build/MergeOne-Regular.ttf
$ mv /home/travis/build/fontdirectory/mergeone/builds/build/MergeOne-Regular.ttf.fix /home/travis/build/fontdirectory/mergeone/builds/build/MergeOne-Regular.ttf
The following table(s) in the font have been ignored by FontForge
  Ignoring 'DSIG' digital signature table
bakery_lint.tests.downstream.test_fontforge_validation_state.FontForgeValidateStateTest.test_allowed_numbers_paths_in_composite_glyphs(): OK
bakery_lint.tests.downstream.test_fontforge_validation_state.FontForgeValidateStateTest.test_allowed_numbers_paths_in_glyphs(): OK
bakery_lint.tests.downstream.test_fontforge_validation_state.FontForgeValidateStateTest.test_allowed_numbers_points_in_composite_glyphs(): OK
bakery_lint.tests.downstream.test_fontforge_validation_state.FontForgeValidateStateTest.test_allowed_numbers_points_in_glyphs(): OK
bakery_lint.tests.downstream.test_fontforge_validation_state.FontForgeValidateStateTest.test_duplicate_glyphs(): OK
bakery_lint.tests.downstream.test_fontforge_validation_state.FontForgeValidateStateTest.test_duplicate_unicode_codepoints(): OK
bakery_lint.tests.downstream.test_fontforge_validation_state.FontForgeValidateStateTest.test_flipped_reference_in_glyphs(): OK
bakery_lint.tests.downstream.test_fontforge_validation_state.FontForgeValidateStateTest.test_missing_anchors(): OK
bakery_lint.tests.downstream.test_fontforge_validation_state.FontForgeValidateStateTest.test_missing_extrema_in_glyphs(): FAIL
bakery_lint.tests.downstream.test_fontforge_validation_state.FontForgeValidateStateTest.test_overlapped_hints(): OK
bakery_lint.tests.downstream.test_fontforge_validation_state.FontForgeValidateStateTest.test_points_are_integer_aligned(): OK
bakery_lint.tests.downstream.test_fontforge_validation_state.FontForgeValidateStateTest.test_points_are_not_too_far_apart(): OK
bakery_lint.tests.downstream.test_fontforge_validation_state.FontForgeValidateStateTest.test_postscript_hasnt_limit_hints_in_glyphs(): OK
bakery_lint.tests.downstream.test_fontforge_validation_state.FontForgeValidateStateTest.test_postscript_hasnt_limit_points_in_glyphs(): OK
bakery_lint.tests.downstream.test_fontforge_validation_state.FontForgeValidateStateTest.test_referenced_glyphs_are_present(): OK
bakery_lint.tests.downstream.test_fontforge_validation_state.FontForgeValidateStateTest.test_valid_glyph_names(): OK
bakery_lint.tests.downstream.test_fontforge_validation_state.FontForgeValidateStateTest.test_valid_length_instructions(): OK
bakery_lint.tests.downstream.test_fontforge_validation_state.FontForgeValidateStateTest.test_validation_glyph_intersect(): FAIL
bakery_lint.tests.downstream.test_fontforge_validation_state.FontForgeValidateStateTest.test_validation_open_contours(): OK
bakery_lint.tests.downstream.test_fontforge_validation_state.FontForgeValidateStateTest.test_wrong_direction_in_glyphs(): OK
bakery_lint.tests.downstream.test_check_vertical_metrics.CheckVerticalLinegapMetrics.test_metrics_linegaps_are_zero(): OK
bakery_lint.tests.downstream.test_check_vertical_metrics.CheckVerticalAscentMetrics.test_metrics_ascents_equal_bbox(): OK
bakery_lint.tests.downstream.test_check_vertical_metrics.CheckVerticalDescentMetrics.test_metrics_descents_equal_bbox(): OK
bakery_lint.tests.downstream.test_check_upm_heights_less_120.TestCheckUPMHeightsLess120.test_check_upm_heigths_less_120(): OK
bakery_lint.tests.downstream.test_check_unused_glyph_data.CheckUnusedGlyphData.test_check_unused_glyph_data(): ERROR
bakery_lint.tests.downstream.test_check_unencoded_glyph.TestFontUnencodedGlyph.test_font_unencoded_glyphs(): FAIL
$ fontbakery-fix-glyph-private-encoding.py --autofix /home/travis/build/fontdirectory/mergeone/builds/build/MergeOne-Regular.ttf
$ mv /home/travis/build/fontdirectory/mergeone/builds/build/MergeOne-Regular.ttf.fix /home/travis/build/fontdirectory/mergeone/builds/build/MergeOne-Regular.ttf
bakery_lint.tests.downstream.test_check_unencoded_glyph.TestFontUnencodedGlyph.test_font_unencoded_glyphs(): FAIL
bakery_lint.tests.downstream.test_check_panose_identification.CheckPanoseIdentification.test_check_panose_identification(): OK
bakery_lint.tests.downstream.test_check_os2_width_class.CheckOS2WidthClass.test_check_os2_width_class(): OK
bakery_lint.tests.downstream.test_check_no_problematic_formats.CheckNoProblematicFormats.test_check_no_problematic_formats(): OK
bakery_lint.tests.downstream.test_check_nbsp_width_matches_sp_width.CheckNbspWidthMatchesSpWidth.test_check_nbsp_width_matches_sp_width(): FAIL
$ fontbakery-fix-nbsp.py /home/travis/build/fontdirectory/mergeone/builds/build/MergeOne-Regular.ttf
Could not store tests result: None
Process Process-7:
Traceback (most recent call last):
  File "/opt/python/2.7.8/lib/python2.7/multiprocessing/process.py", line 258, in _bootstrap
    self.run()
  File "/opt/python/2.7.8/lib/python2.7/multiprocessing/process.py", line 114, in run
    self._target(*self._args, **self._kwargs)
  File "/home/travis/virtualenv/python2.7.8/lib/python2.7/site-packages/bakery_cli/pipe/build.py", line 114, in run_processes
    fontlint.run(filename, pipedata)
  File "/home/travis/virtualenv/python2.7.8/lib/python2.7/site-packages/bakery_cli/pipe/fontlint.py", line 63, in run
    log=self.bakery.logger)
  File "/home/travis/virtualenv/python2.7.8/lib/python2.7/site-packages/bakery_lint/__init__.py", line 27, in run_set
    return run_suite(tests_suite)
  File "/home/travis/virtualenv/python2.7.8/lib/python2.7/site-packages/bakery_lint/base.py", line 246, in run_suite
    runner.run(suite)
  File "/home/travis/virtualenv/python2.7.8/lib/python2.7/site-packages/bakery_lint/base.py", line 171, in run
    test(result)
  File "/opt/python/2.7.8/lib/python2.7/unittest/suite.py", line 70, in __call__
    return self.run(*args, **kwds)
  File "/opt/python/2.7.8/lib/python2.7/unittest/suite.py", line 108, in run
    test(result)
  File "/opt/python/2.7.8/lib/python2.7/unittest/case.py", line 393, in __call__
    return self.run(*args, **kwds)
  File "/opt/python/2.7.8/lib/python2.7/unittest/case.py", line 333, in run
    result.addFailure(self, sys.exc_info())
  File "/home/travis/virtualenv/python2.7.8/lib/python2.7/site-packages/bakery_lint/base.py", line 136, in addFailure
    self.callmethod(test_method.autofix_method, test)
  File "/home/travis/virtualenv/python2.7.8/lib/python2.7/site-packages/bakery_lint/base.py", line 91, in callmethod
    getattr(mod, methodname.split('.')[-1])(test)
  File "/home/travis/virtualenv/python2.7.8/lib/python2.7/site-packages/bakery_cli/pipe/autofix.py", line 99, in fix_nbsp
    checkAndFix(targetpath)
  File "/home/travis/virtualenv/python2.7.8/lib/python2.7/site-packages/bakery_cli/scripts/nbsp.py", line 108, in checkAndFix
    spaceWidth = getWidth(font, space)
  File "/home/travis/virtualenv/python2.7.8/lib/python2.7/site-packages/bakery_cli/scripts/nbsp.py", line 82, in getWidth
    return font['hmtx'][glyphname][0]
  File "/home/travis/virtualenv/python2.7.8/lib/python2.7/site-packages/FontTools/fontTools/ttLib/tables/_h_m_t_x.py", line 98, in __getitem__
    return self.metrics[glyphName]
KeyError: None
strippedname:/home/travis/build/fontdirectory/mergeone/builds/build/MergeOne-Regular.ttf
No nbsp glyph
$ fontbakery-build-font2ttf.py sources/MergeOne-Regular-TTF.sfd MergeOne-Regular-TTF.ttf
Success: Generated OpenType-TTF (/home/travis/build/fontdirectory/mergeone/builds/build/MergeOne-Regular-TTF.ttf)
### Test MergeOne-Regular-TTF.ttf
$ fontbakery-check.py result MergeOne-Regular-TTF.ttf
bakery_lint.tests.downstream.test_names_are_ascii_only.CheckNamesAreASCIIOnly.test_check_names_are_ascii_only(): OK
bakery_lint.tests.downstream.test_gpos_table_has_kerning_info.CheckGposTableHasKerningInfo.test_gpos_table_has_kerning_info(): OK
bakery_lint.tests.downstream.test_gasp_table_value.CheckGaspTableType.test_check_gasp_table_type(): OK
$ fontbakery-fix-gasp.py --set=15 /home/travis/build/fontdirectory/mergeone/builds/build/MergeOne-Regular-TTF.ttf
$ mv /home/travis/build/fontdirectory/mergeone/builds/build/MergeOne-Regular-TTF.ttf.fix /home/travis/build/fontdirectory/mergeone/builds/build/MergeOne-Regular-TTF.ttf
The following table(s) in the font have been ignored by FontForge
  Ignoring 'DSIG' digital signature table
bakery_lint.tests.downstream.test_fontforge_validation_state.FontForgeValidateStateTest.test_allowed_numbers_paths_in_composite_glyphs(): OK
bakery_lint.tests.downstream.test_fontforge_validation_state.FontForgeValidateStateTest.test_allowed_numbers_paths_in_glyphs(): OK
bakery_lint.tests.downstream.test_fontforge_validation_state.FontForgeValidateStateTest.test_allowed_numbers_points_in_composite_glyphs(): OK
bakery_lint.tests.downstream.test_fontforge_validation_state.FontForgeValidateStateTest.test_allowed_numbers_points_in_glyphs(): OK
bakery_lint.tests.downstream.test_fontforge_validation_state.FontForgeValidateStateTest.test_duplicate_glyphs(): OK
bakery_lint.tests.downstream.test_fontforge_validation_state.FontForgeValidateStateTest.test_duplicate_unicode_codepoints(): OK
bakery_lint.tests.downstream.test_fontforge_validation_state.FontForgeValidateStateTest.test_flipped_reference_in_glyphs(): OK
bakery_lint.tests.downstream.test_fontforge_validation_state.FontForgeValidateStateTest.test_missing_anchors(): OK
bakery_lint.tests.downstream.test_fontforge_validation_state.FontForgeValidateStateTest.test_missing_extrema_in_glyphs(): FAIL
bakery_lint.tests.downstream.test_fontforge_validation_state.FontForgeValidateStateTest.test_overlapped_hints(): OK
bakery_lint.tests.downstream.test_fontforge_validation_state.FontForgeValidateStateTest.test_points_are_integer_aligned(): OK
bakery_lint.tests.downstream.test_fontforge_validation_state.FontForgeValidateStateTest.test_points_are_not_too_far_apart(): OK
bakery_lint.tests.downstream.test_fontforge_validation_state.FontForgeValidateStateTest.test_postscript_hasnt_limit_hints_in_glyphs(): OK
bakery_lint.tests.downstream.test_fontforge_validation_state.FontForgeValidateStateTest.test_postscript_hasnt_limit_points_in_glyphs(): OK
bakery_lint.tests.downstream.test_fontforge_validation_state.FontForgeValidateStateTest.test_referenced_glyphs_are_present(): OK
bakery_lint.tests.downstream.test_fontforge_validation_state.FontForgeValidateStateTest.test_valid_glyph_names(): OK
bakery_lint.tests.downstream.test_fontforge_validation_state.FontForgeValidateStateTest.test_valid_length_instructions(): OK
bakery_lint.tests.downstream.test_fontforge_validation_state.FontForgeValidateStateTest.test_validation_glyph_intersect(): FAIL
bakery_lint.tests.downstream.test_fontforge_validation_state.FontForgeValidateStateTest.test_validation_open_contours(): OK
bakery_lint.tests.downstream.test_fontforge_validation_state.FontForgeValidateStateTest.test_wrong_direction_in_glyphs(): OK
bakery_lint.tests.downstream.test_check_vertical_metrics.CheckVerticalLinegapMetrics.test_metrics_linegaps_are_zero(): OK
bakery_lint.tests.downstream.test_check_vertical_metrics.CheckVerticalAscentMetrics.test_metrics_ascents_equal_bbox(): OK
bakery_lint.tests.downstream.test_check_vertical_metrics.CheckVerticalDescentMetrics.test_metrics_descents_equal_bbox(): OK
bakery_lint.tests.downstream.test_check_upm_heights_less_120.TestCheckUPMHeightsLess120.test_check_upm_heigths_less_120(): OK
bakery_lint.tests.downstream.test_check_unused_glyph_data.CheckUnusedGlyphData.test_check_unused_glyph_data(): ERROR
bakery_lint.tests.downstream.test_check_unencoded_glyph.TestFontUnencodedGlyph.test_font_unencoded_glyphs(): FAIL
$ fontbakery-fix-glyph-private-encoding.py --autofix /home/travis/build/fontdirectory/mergeone/builds/build/MergeOne-Regular-TTF.ttf
$ mv /home/travis/build/fontdirectory/mergeone/builds/build/MergeOne-Regular-TTF.ttf.fix /home/travis/build/fontdirectory/mergeone/builds/build/MergeOne-Regular-TTF.ttf
bakery_lint.tests.downstream.test_check_unencoded_glyph.TestFontUnencodedGlyph.test_font_unencoded_glyphs(): FAIL
bakery_lint.tests.downstream.test_check_panose_identification.CheckPanoseIdentification.test_check_panose_identification(): OK
bakery_lint.tests.downstream.test_check_os2_width_class.CheckOS2WidthClass.test_check_os2_width_class(): OK
bakery_lint.tests.downstream.test_check_no_problematic_formats.CheckNoProblematicFormats.test_check_no_problematic_formats(): OK
bakery_lint.tests.downstream.test_check_nbsp_width_matches_sp_width.CheckNbspWidthMatchesSpWidth.test_check_nbsp_width_matches_sp_width(): FAIL
$ fontbakery-fix-nbsp.py /home/travis/build/fontdirectory/mergeone/builds/build/MergeOne-Regular-TTF.ttf
Could not store tests result: None
Process Process-8:
Traceback (most recent call last):
  File "/opt/python/2.7.8/lib/python2.7/multiprocessing/process.py", line 258, in _bootstrap
    self.run()
  File "/opt/python/2.7.8/lib/python2.7/multiprocessing/process.py", line 114, in run
    self._target(*self._args, **self._kwargs)
  File "/home/travis/virtualenv/python2.7.8/lib/python2.7/site-packages/bakery_cli/pipe/build.py", line 114, in run_processes
    fontlint.run(filename, pipedata)
  File "/home/travis/virtualenv/python2.7.8/lib/python2.7/site-packages/bakery_cli/pipe/fontlint.py", line 63, in run
    log=self.bakery.logger)
  File "/home/travis/virtualenv/python2.7.8/lib/python2.7/site-packages/bakery_lint/__init__.py", line 27, in run_set
    return run_suite(tests_suite)
  File "/home/travis/virtualenv/python2.7.8/lib/python2.7/site-packages/bakery_lint/base.py", line 246, in run_suite
    runner.run(suite)
  File "/home/travis/virtualenv/python2.7.8/lib/python2.7/site-packages/bakery_lint/base.py", line 171, in run
    test(result)
  File "/opt/python/2.7.8/lib/python2.7/unittest/suite.py", line 70, in __call__
    return self.run(*args, **kwds)
  File "/opt/python/2.7.8/lib/python2.7/unittest/suite.py", line 108, in run
    test(result)
  File "/opt/python/2.7.8/lib/python2.7/unittest/case.py", line 393, in __call__
    return self.run(*args, **kwds)
  File "/opt/python/2.7.8/lib/python2.7/unittest/case.py", line 333, in run
    result.addFailure(self, sys.exc_info())
  File "/home/travis/virtualenv/python2.7.8/lib/python2.7/site-packages/bakery_lint/base.py", line 136, in addFailure
    self.callmethod(test_method.autofix_method, test)
  File "/home/travis/virtualenv/python2.7.8/lib/python2.7/site-packages/bakery_lint/base.py", line 91, in callmethod
    getattr(mod, methodname.split('.')[-1])(test)
  File "/home/travis/virtualenv/python2.7.8/lib/python2.7/site-packages/bakery_cli/pipe/autofix.py", line 99, in fix_nbsp
    checkAndFix(targetpath)
  File "/home/travis/virtualenv/python2.7.8/lib/python2.7/site-packages/bakery_cli/scripts/nbsp.py", line 108, in checkAndFix
    spaceWidth = getWidth(font, space)
  File "/home/travis/virtualenv/python2.7.8/lib/python2.7/site-packages/bakery_cli/scripts/nbsp.py", line 82, in getWidth
    return font['hmtx'][glyphname][0]
  File "/home/travis/virtualenv/python2.7.8/lib/python2.7/site-packages/FontTools/fontTools/ttLib/tables/_h_m_t_x.py", line 98, in __getitem__
    return self.metrics[glyphName]
KeyError: None
strippedname:/home/travis/build/fontdirectory/mergeone/builds/build/MergeOne-Regular-TTF.ttf
No nbsp glyph
### (5 of 6) Generate METADATA.json (fontbakery-build-metadata.py)
$ fontbakery-build-metadata.py /home/travis/build/fontdirectory/mergeone/builds/build
{} exists
Designer's name from font is: Kosal Sen
Original size: 46180\nGzip size: 18839
Family Name: Merge One
PS Name: MergeOne-Regular
Full Name: Merge One
Style: normal
Weight: 400
Filename: MergeOne-Regular-TTF.ttf
Copyright: Copyright (c) 2012, Kosal Sen, Philatype (holla@philatype.com), with Reserved Font Name 'Merge'
Family Name: Merge One
PS Name: MergeOne-Regular
Full Name: Merge One
Style: normal
Weight: 400
Filename: MergeOne-Regular.ttf
Copyright: Copyright (c) 2012, Kosal Sen, Philatype (holla@philatype.com), with Reserved Font Name 'Merge'
### (6 of 6) Run tests for METADATA.json
$ fontbakery-check.py metadata METADATA.json
bakery_lint.tests.metadata_test.MetadataSubsetsListTest.test_charset_latin(): FAIL
bakery_lint.tests.metadata_test.MetadataSubsetsListTest.test_charset_latin_ext(): FAIL
bakery_lint.tests.metadata_test.MetadataSubsetsListTest.test_charset_menu(): FAIL
bakery_lint.tests.metadata_test.MetadataTest.test_description_is_more_than_500b(): FAIL
bakery_lint.tests.metadata_test.MetadataTest.test_description_is_valid_html(): OK
bakery_lint.tests.metadata_test.MetadataTest.test_does_not_familyName_exist_in_daltonmaag_catalogue(): FAIL
bakery_lint.tests.metadata_test.MetadataTest.test_does_not_familyName_exist_in_fontbureau_catalogue(): OK
bakery_lint.tests.metadata_test.MetadataTest.test_does_not_familyName_exist_in_fontscom_catalogue(): OK
bakery_lint.tests.metadata_test.MetadataTest.test_does_not_familyName_exist_in_fontshop_catalogue(): FAIL
bakery_lint.tests.metadata_test.MetadataTest.test_does_not_familyName_exist_in_fontsmith_catalogue(): FAIL
bakery_lint.tests.metadata_test.MetadataTest.test_does_not_familyName_exist_in_houseind_catalogue(): OK
bakery_lint.tests.metadata_test.MetadataTest.test_does_not_familyName_exist_in_myfonts_catalogue(): OK
bakery_lint.tests.metadata_test.MetadataTest.test_does_not_familyName_exist_in_veer_catalogue(): OK
bakery_lint.tests.metadata_test.MetadataTest.test_family_is_listed_in_gwf(): FAIL
bakery_lint.tests.metadata_test.MetadataTest.test_metadata_atleast_latin_menu_subsets_exist(): OK
/home/travis/virtualenv/python2.7.8/lib/python2.7/site-packages/bakery_lint/tests/metadata_test.py:141: UnicodeWarning: Unicode equal comparison failed to convert both arguments to Unicode - interpreting them as being unequal
  self.assertTrue(designer in designers,
bakery_lint.tests.metadata_test.MetadataTest.test_metadata_designer_exists_in_profiles_csv(): FAIL
bakery_lint.tests.metadata_test.MetadataTest.test_metadata_fonts_items_dicts(): OK
bakery_lint.tests.metadata_test.MetadataTest.test_metadata_fonts_key_list(): OK
bakery_lint.tests.metadata_test.MetadataTest.test_metadata_fonts_no_dupes(): OK
bakery_lint.tests.metadata_test.MetadataTest.test_metadata_has_unique_style_weight_pairs(): OK
bakery_lint.tests.metadata_test.MetadataTest.test_metadata_keys(): OK
bakery_lint.tests.metadata_test.MetadataTest.test_metadata_license(): OK
bakery_lint.tests.metadata_test.MetadataTest.test_metadata_no_unknown_top_keys(): OK
bakery_lint.tests.metadata_test.MetadataTest.test_metadata_subsets_key_list(): OK
bakery_lint.tests.metadata_test.MetadataTest.test_metadata_top_keys_types(): OK
bakery_lint.tests.downstream.test_metadata_font_copyright.CheckMetadataContainsReservedFontName.test_copyright_contains_correct_rfn(): OK
bakery_lint.tests.downstream.test_metadata_font_copyright.CheckMetadataContainsReservedFontName.test_copyright_is_consistent_across_family(): OK
bakery_lint.tests.downstream.test_metadata_font_copyright.CheckMetadataContainsReservedFontName.test_copyright_matches_pattern(): OK
bakery_lint.tests.downstream.test_metadata_font_copyright.CheckMetadataContainsReservedFontName.test_metadata_copyright_size(): OK
bakery_lint.tests.downstream.test_metadata_agreements.TestFontOnDiskFamilyEqualToMetadataJSON.test_font_on_disk_family_equal_in_metadata_json(): OK
bakery_lint.tests.downstream.test_metadata_agreements.TestPostScriptNameInMetadataEqualFontOnDisk.test_postscriptname_in_metadata_equal_to_font_on_disk(): OK
bakery_lint.tests.downstream.test_metadata_agreements.CheckMetadataAgreements.test_font_name_matches_family(): OK
bakery_lint.tests.downstream.test_metadata_agreements.CheckMetadataAgreements.test_metadata_family_values_are_all_the_same(): OK
bakery_lint.tests.downstream.test_metadata_agreements.CheckMetadataAgreements.test_metadata_filename_matches_postscriptname(): OK
bakery_lint.tests.downstream.test_metadata_agreements.CheckMetadataAgreements.test_metadata_font_have_regular(): OK
bakery_lint.tests.downstream.test_metadata_agreements.CheckMetadataAgreements.test_metadata_fonts_fields_have_fontname(): OK
bakery_lint.tests.downstream.test_metadata_agreements.CheckMetadataAgreements.test_metadata_fullname_is_equal_to_internal_font_fullname(): OK
bakery_lint.tests.downstream.test_metadata_agreements.CheckMetadataAgreements.test_metadata_fullname_matches_postScriptName(): FAIL
bakery_lint.tests.downstream.test_metadata_agreements.CheckMetadataAgreements.test_metadata_regular_is_400(): OK
bakery_lint.tests.downstream.test_metadata_agreements.CheckMetadataAgreements.test_metadata_regular_is_normal(): FAIL
bakery_lint.tests.downstream.test_check_text_files_exist.CheckTextFilesExist.test_copyrighttxt_exists(): FAIL
bakery_lint.tests.downstream.test_check_text_files_exist.CheckTextFilesExist.test_description_exists(): OK
bakery_lint.tests.downstream.test_check_text_files_exist.CheckTextFilesExist.test_fontlogtxt_exists(): OK
bakery_lint.tests.downstream.test_check_text_files_exist.CheckTextFilesExist.test_licensetxt_exists(): FAIL
bakery_lint.tests.downstream.test_check_subsets_exists.CheckSubsetsExist.test_check_subsets_exists(): FAIL
bakery_lint.tests.downstream.test_check_monospace_agreements.CheckMonospaceAgreement.test_check_monospace_agreement(): OK
bakery_lint.tests.downstream.test_check_metadata_style_matches_names.CheckItalicStyleMatchesMacStyle.test_check_italic_style_matches_names(): OK
bakery_lint.tests.downstream.test_check_metadata_style_matches_names.CheckNormalStyleMatchesMacStyle.test_check_normal_style_matches_names(): OK
bakery_lint.tests.downstream.test_check_metadata_matches_nametable.CheckMetadataMatchesNameTable.test_check_metadata_matches_nametable(): OK
bakery_lint.tests.downstream.test_check_metadata_fields.CheckMetadataFields.test_check_metadata_fields(): OK
bakery_lint.tests.downstream.test_check_menu_contains_proper_glyphs.CheckMenuSubsetContainsProperGlyphs.test_check_menu_contains_proper_glyphs(): ERROR
bakery_lint.tests.downstream.test_check_glyph_consistency.CheckGlyphConsistencyInFamily.test_the_same_encodings_of_glyphs_across_family(): OK
bakery_lint.tests.downstream.test_check_glyph_consistency.CheckGlyphConsistencyInFamily.test_the_same_names_of_glyphs_across_family(): OK
bakery_lint.tests.downstream.test_check_glyph_consistency.CheckGlyphConsistencyInFamily.test_the_same_number_of_glyphs_across_family(): OK
bakery_lint.tests.downstream.test_check_font_name_not_in_camelcase.CheckFontNameNotInCamelCase.test_fontname_not_in_camel_case(): OK
bakery_lint.tests.downstream.test_check_files_menu_agreements.CheckFontsMenuAgreements.test_menu_file_agreement(): FAIL
bakery_lint.tests.downstream.test_check_familyname_matches_fontnames.CheckFamilyNameMatchesFontNames.test_check_familyname_matches_fontnames(): OK
bakery_lint.tests.downstream.test_check_canonical_weights.CheckCanonicalWeights.test_check_canonical_weights(): OK
bakery_lint.tests.downstream.test_check_canonical_weights.CheckPostScriptNameMatchesWeight.test_postscriptname_contains_correct_weight(): OK
bakery_lint.tests.downstream.test_check_canonical_weights.CheckFontWeightSameAsInMetadata.test_font_weight_same_as_in_metadata(): OK
bakery_lint.tests.downstream.test_check_canonical_weights.CheckFullNameEqualCanonicalName.test_metadata_contains_current_font(): OK
bakery_lint.tests.downstream.test_check_canonical_styles.CheckCanonicalStyles.test_check_canonical_styles(): OK
bakery_lint.tests.downstream.test_check_canonical_filenames.CheckCanonicalFilenames.test_check_canonical_filenames(): OK
{
  "name": "Merge One", 
  "designer": "Kosal Sen", 
  "license": "OFL", 
  "visibility": "Sandbox", 
  "category": "Sans Serif", 
  "size": 18668, 
  "fonts": [
    {
      "name": "Merge One", 
      "postScriptName": "MergeOne-Regular", 
      "fullName": "Merge One", 
      "style": "normal", 
      "weight": 400, 
      "filename": "MergeOne-Regular-TTF.ttf", 
      "copyright": "Copyright (c) 2012, Kosal Sen, Philatype (holla@philatype.com), with Reserved Font Name 'Merge'"
    }, 
    {
      "name": "Merge One", 
      "postScriptName": "MergeOne-Regular", 
      "fullName": "Merge One", 
      "style": "normal", 
      "weight": 400, 
      "filename": "MergeOne-Regular.ttf", 
      "copyright": "Copyright (c) 2012, Kosal Sen, Philatype (holla@philatype.com), with Reserved Font Name 'Merge'"
    }
  ], 
  "subsets": [
    "latin"
  ], 
  "dateAdded": "2012-10-05"
}
